// Jest Snapshot v1, https://goo.gl/fbAQLP

exports[`Components MenuItem renders correctly 1`] = `
<li
  class="menu-item"
>
  <a
    href="/dashboard"
  >
    Dashboard
  </a>
</li>
`;
