// Jest Snapshot v1, https://goo.gl/fbAQLP

exports[`Components Menu renders correctly 1`] = `
<nav
  class="menu"
>
  <li
    class="menu-item"
  >
    <a
      href="/dashboard"
    >
      Blog
    </a>
  </li>
  <li
    class="menu-item"
  >
    <a
      href="/about"
    >
      About
    </a>
  </li>
  <li
    class="menu-item"
  >
    <a
      href="/contact"
    >
      Contact
    </a>
  </li>
</nav>
`;
