// Jest Snapshot v1, https://goo.gl/fbAQLP

exports[`Components Layout renders correctly 1`] = `
<div
  class="layout"
>
  <header
    class="header"
  >
    <a
      href="/dashboard"
    >
      <img
        alt="Home"
        src="logo.png"
      />
    </a>
    <nav
      class="menu"
    >
      <li
        class="menu-item"
      >
        <a
          href="/dashboard"
        >
          Blog
        </a>
      </li>
      <li
        class="menu-item"
      >
        <a
          href="/about"
        >
          About
        </a>
      </li>
      <li
        class="menu-item"
      >
        <a
          href="/contact"
        >
          Contact
        </a>
      </li>
    </nav>
  </header>
  <div>
    <h1>
      Test component
    </h1>
  </div>
</div>
`;
