// Jest Snapshot v1, https://goo.gl/fbAQLP

exports[`Components Articles renders correctly 1`] = `
<div
  class="articles"
>
  <div
    class="articles__header"
  >
    <div
      class="articles__buttons"
    >
      <button
        class="articles__buttons__btn articles__buttons__btn--active"
        data-testid="order-asc"
        title="Most recent"
        type="button"
      >
        <svg
          fill="currentColor"
          height="1em"
          stroke="currentColor"
          stroke-width="0"
          viewBox="0 0 448 512"
          width="1em"
          xmlns="http://www.w3.org/2000/svg"
        >
          <path
            d="M413.1 222.5l22.2 22.2c9.4 9.4 9.4 24.6 0 33.9L241 473c-9.4 9.4-24.6 9.4-33.9 0L12.7 278.6c-9.4-9.4-9.4-24.6 0-33.9l22.2-22.2c9.5-9.5 25-9.3 34.3.4L184 343.4V56c0-13.3 10.7-24 24-24h32c13.3 0 24 10.7 24 24v287.4l114.8-120.5c9.3-9.8 24.8-10 34.3-.4z"
          />
        </svg>
      </button>
      <button
        class="articles__buttons__btn "
        data-testid="order-desc"
        title="Oldest"
        type="button"
      >
        <svg
          fill="currentColor"
          height="1em"
          stroke="currentColor"
          stroke-width="0"
          viewBox="0 0 448 512"
          width="1em"
          xmlns="http://www.w3.org/2000/svg"
        >
          <path
            d="M34.9 289.5l-22.2-22.2c-9.4-9.4-9.4-24.6 0-33.9L207 39c9.4-9.4 24.6-9.4 33.9 0l194.3 194.3c9.4 9.4 9.4 24.6 0 33.9L413 289.4c-9.5 9.5-25 9.3-34.3-.4L264 168.6V456c0 13.3-10.7 24-24 24h-32c-13.3 0-24-10.7-24-24V168.6L69.2 289.1c-9.3 9.8-24.8 10-34.3.4z"
          />
        </svg>
      </button>
    </div>
    <div
      class="articles__search"
    >
      <div
        class="input-text"
      >
        
        <div
          class="input-text__formControl"
        >
          <span>
             
            <svg
              fill="currentColor"
              height="1em"
              stroke="currentColor"
              stroke-width="0"
              viewBox="0 0 512 512"
              width="1em"
              xmlns="http://www.w3.org/2000/svg"
            >
              <path
                d="M505 442.7L405.3 343c-4.5-4.5-10.6-7-17-7H372c27.6-35.3 44-79.7 44-128C416 93.1 322.9 0 208 0S0 93.1 0 208s93.1 208 208 208c48.3 0 92.7-16.4 128-44v16.3c0 6.4 2.5 12.5 7 17l99.7 99.7c9.4 9.4 24.6 9.4 33.9 0l28.3-28.3c9.4-9.4 9.4-24.6.1-34zM208 336c-70.7 0-128-57.2-128-128 0-70.7 57.2-128 128-128 70.7 0 128 57.2 128 128 0 70.7-57.2 128-128 128z"
              />
            </svg>
          </span>
          <input
            class="input-text__formControl__input"
            placeholder="Search Posts"
            type="search"
            value=""
          />
        </div>
      </div>
    </div>
  </div>
  <article>
    <div
      class="article__header"
    >
      <p>
        June 14, 2021, 04:33:13
      </p>
    </div>
    <div
      class="article__content"
    >
      <p>
        try disability admiration patrol menu default shy civilian full borrow ecstasy race notice popular oak treaty
      </p>
    </div>
  </article>
  <article>
    <div
      class="article__header"
    >
      <p>
        June 8, 2021, 16:27:02
      </p>
    </div>
    <div
      class="article__content"
    >
      <p>
        carbon faithful cigarette location contrast loud full proud confine sample building prevent calculation team pedestrian swell church relevance margin ministry evolution drill climate transport advice preparation corruption expertise treasurer extension handy electron pray brake extinct wreck mystery timber convince psychology herd area sweet ban access mine seed penny crew faithful tap publisher stubborn
      </p>
    </div>
  </article>
  <article>
    <div
      class="article__header"
    >
      <p>
        June 1, 2021, 22:15:33
      </p>
    </div>
    <div
      class="article__content"
    >
      <p>
        network fuel prestige hotdog terms line agile rhythm vague point lion tap toss size bend lion breast indoor underline clock tendency bay value tin fit realize crusade revolution dog racism vertical beer shorts initiative loose language reliance mile neighborhood roar stain rear fool deficiency rubbish fine ecstasy axis orchestra draw morning wine midnight lose restrict chaos sustain south recording train brick eyebrow say film franchise gift lamb drop title treasurer intermediate ton prisoner sailor rhythm printer
      </p>
    </div>
  </article>
</div>
`;
